src/components/SideBar.tsx(8,1): error TS6133: 'cn' is declared but its value is never read.
